<?xml version="1.0" encoding="ISO-8859-1" ?>
<link_info>
   <banner>TI ARM Linker PC v20.2.7.LTS</banner>
   <copyright>Copyright (c) 1996-2018 Texas Instruments Incorporated</copyright>
   <link_time>0x65ba6506</link_time>
   <link_errors>0x0</link_errors>
   <output_file>ScreenManager.out</output_file>
   <entry_point>
      <name>_c_int00_noargs</name>
      <address>0x790d</address>
   </entry_point>
   <input_file_list>
      <input_file id="fl-2">
         <path>.\</path>
         <kind>object</kind>
         <file>default_screens.obj</file>
         <name>default_screens.obj</name>
      </input_file>
      <input_file id="fl-3">
         <path>.\</path>
         <kind>object</kind>
         <file>main.obj</file>
         <name>main.obj</name>
      </input_file>
      <input_file id="fl-4">
         <path>.\</path>
         <kind>object</kind>
         <file>screen_manager.obj</file>
         <name>screen_manager.obj</name>
      </input_file>
      <input_file id="fl-5">
         <path>.\</path>
         <kind>object</kind>
         <file>startup_msp432p401r_ccs.obj</file>
         <name>startup_msp432p401r_ccs.obj</name>
      </input_file>
      <input_file id="fl-6">
         <path>.\</path>
         <kind>object</kind>
         <file>system_msp432p401r.obj</file>
         <name>system_msp432p401r.obj</name>
      </input_file>
      <input_file id="fl-7">
         <path>.\LcdDriver\</path>
         <kind>object</kind>
         <file>Crystalfontz128x128_ST7735.obj</file>
         <name>Crystalfontz128x128_ST7735.obj</name>
      </input_file>
      <input_file id="fl-8">
         <path>.\LcdDriver\</path>
         <kind>object</kind>
         <file>HAL_MSP_EXP432P401R_Crystalfontz128x128_ST7735.obj</file>
         <name>HAL_MSP_EXP432P401R_Crystalfontz128x128_ST7735.obj</name>
      </input_file>
      <input_file id="fl-9">
         <path>.\images\</path>
         <kind>object</kind>
         <file>bluetooth.obj</file>
         <name>bluetooth.obj</name>
      </input_file>
      <input_file id="fl-a">
         <path>.\images\</path>
         <kind>object</kind>
         <file>claw.obj</file>
         <name>claw.obj</name>
      </input_file>
      <input_file id="fl-b">
         <path>.\images\</path>
         <kind>object</kind>
         <file>thumbsup.obj</file>
         <name>thumbsup.obj</name>
      </input_file>
      <input_file id="fl-11">
         <kind>object</kind>
         <file>&lt;internal&gt;</file>
         <name>&lt;internal&gt;</name>
      </input_file>
      <input_file id="fl-c7">
         <path>C:\ti\ccs1240\ccs\tools\compiler\ti-cgt-arm_20.2.7.LTS\lib\</path>
         <kind>archive</kind>
         <file>rtsv7M4_T_le_v4SPD16_eabi.lib</file>
         <name>copy_zero_init.c.obj</name>
      </input_file>
      <input_file id="fl-c8">
         <path>C:\ti\ccs1240\ccs\tools\compiler\ti-cgt-arm_20.2.7.LTS\lib\</path>
         <kind>archive</kind>
         <file>rtsv7M4_T_le_v4SPD16_eabi.lib</file>
         <name>copy_decompress_none.c.obj</name>
      </input_file>
      <input_file id="fl-c9">
         <path>C:\ti\ccs1240\ccs\tools\compiler\ti-cgt-arm_20.2.7.LTS\lib\</path>
         <kind>archive</kind>
         <file>rtsv7M4_T_le_v4SPD16_eabi.lib</file>
         <name>copy_decompress_lzss.c.obj</name>
      </input_file>
      <input_file id="fl-ca">
         <path>C:\ti\ccs1240\ccs\tools\compiler\ti-cgt-arm_20.2.7.LTS\lib\</path>
         <kind>archive</kind>
         <file>rtsv7M4_T_le_v4SPD16_eabi.lib</file>
         <name>boot_cortex_m.c.obj</name>
      </input_file>
      <input_file id="fl-cb">
         <path>C:\ti\ccs1240\ccs\tools\compiler\ti-cgt-arm_20.2.7.LTS\lib\</path>
         <kind>archive</kind>
         <file>rtsv7M4_T_le_v4SPD16_eabi.lib</file>
         <name>memcpy_t2.asm.obj</name>
      </input_file>
      <input_file id="fl-cc">
         <path>C:\ti\ccs1240\ccs\tools\compiler\ti-cgt-arm_20.2.7.LTS\lib\</path>
         <kind>archive</kind>
         <file>rtsv7M4_T_le_v4SPD16_eabi.lib</file>
         <name>memset_t2.asm.obj</name>
      </input_file>
      <input_file id="fl-cd">
         <path>C:\ti\ccs1240\ccs\tools\compiler\ti-cgt-arm_20.2.7.LTS\lib\</path>
         <kind>archive</kind>
         <file>rtsv7M4_T_le_v4SPD16_eabi.lib</file>
         <name>autoinit.c.obj</name>
      </input_file>
      <input_file id="fl-ce">
         <path>C:\ti\ccs1240\ccs\tools\compiler\ti-cgt-arm_20.2.7.LTS\lib\</path>
         <kind>archive</kind>
         <file>rtsv7M4_T_le_v4SPD16_eabi.lib</file>
         <name>pre_init.c.obj</name>
      </input_file>
      <input_file id="fl-cf">
         <path>C:\ti\ccs1240\ccs\tools\compiler\ti-cgt-arm_20.2.7.LTS\lib\</path>
         <kind>archive</kind>
         <file>rtsv7M4_T_le_v4SPD16_eabi.lib</file>
         <name>cpy_tbl.c.obj</name>
      </input_file>
      <input_file id="fl-d0">
         <path>C:\ti\ccs1240\ccs\tools\compiler\ti-cgt-arm_20.2.7.LTS\lib\</path>
         <kind>archive</kind>
         <file>rtsv7M4_T_le_v4SPD16_eabi.lib</file>
         <name>exit.c.obj</name>
      </input_file>
      <input_file id="fl-d1">
         <path>C:\ti\ccs1240\ccs\tools\compiler\ti-cgt-arm_20.2.7.LTS\lib\</path>
         <kind>archive</kind>
         <file>rtsv7M4_T_le_v4SPD16_eabi.lib</file>
         <name>_lock.c.obj</name>
      </input_file>
      <input_file id="fl-d2">
         <path>C:\ti\ccs1240\ccs\tools\compiler\ti-cgt-arm_20.2.7.LTS\lib\</path>
         <kind>archive</kind>
         <file>rtsv7M4_T_le_v4SPD16_eabi.lib</file>
         <name>args_main.c.obj</name>
      </input_file>
      <input_file id="fl-d3">
         <path>C:\Users\betto\Desktop\driverLib\source\ti\grlib\lib\ccs\m4\</path>
         <kind>archive</kind>
         <file>grlib.a</file>
         <name>context.obj</name>
      </input_file>
      <input_file id="fl-d4">
         <path>C:\Users\betto\Desktop\driverLib\source\ti\grlib\lib\ccs\m4\</path>
         <kind>archive</kind>
         <file>grlib.a</file>
         <name>display.obj</name>
      </input_file>
      <input_file id="fl-d5">
         <path>C:\Users\betto\Desktop\driverLib\source\ti\grlib\lib\ccs\m4\</path>
         <kind>archive</kind>
         <file>grlib.a</file>
         <name>fontfixed6x8.obj</name>
      </input_file>
      <input_file id="fl-d6">
         <path>C:\Users\betto\Desktop\driverLib\source\ti\grlib\lib\ccs\m4\</path>
         <kind>archive</kind>
         <file>grlib.a</file>
         <name>image.obj</name>
      </input_file>
      <input_file id="fl-d7">
         <path>C:\Users\betto\Desktop\driverLib\source\ti\grlib\lib\ccs\m4\</path>
         <kind>archive</kind>
         <file>grlib.a</file>
         <name>line.obj</name>
      </input_file>
      <input_file id="fl-d8">
         <path>C:\Users\betto\Desktop\driverLib\source\ti\grlib\lib\ccs\m4\</path>
         <kind>archive</kind>
         <file>grlib.a</file>
         <name>string.obj</name>
      </input_file>
      <input_file id="fl-d9">
         <path>C:\Users\betto\Desktop\driverLib\source\ti\devices\msp432p4xx\driverlib\ccs\</path>
         <kind>archive</kind>
         <file>msp432p4xx_driverlib.lib</file>
         <name>gpio.o</name>
      </input_file>
      <input_file id="fl-da">
         <path>C:\Users\betto\Desktop\driverLib\source\ti\devices\msp432p4xx\driverlib\ccs\</path>
         <kind>archive</kind>
         <file>msp432p4xx_driverlib.lib</file>
         <name>interrupt.o</name>
      </input_file>
      <input_file id="fl-db">
         <path>C:\Users\betto\Desktop\driverLib\source\ti\devices\msp432p4xx\driverlib\ccs\</path>
         <kind>archive</kind>
         <file>msp432p4xx_driverlib.lib</file>
         <name>spi.o</name>
      </input_file>
      <input_file id="fl-dc">
         <path>C:\Users\betto\Desktop\driverLib\source\ti\devices\msp432p4xx\driverlib\ccs\</path>
         <kind>archive</kind>
         <file>msp432p4xx_driverlib.lib</file>
         <name>wdt_a.o</name>
      </input_file>
      <input_file id="fl-dd">
         <path>C:\Users\betto\Desktop\driverLib\source\ti\devices\msp432p4xx\driverlib\ccs\</path>
         <kind>archive</kind>
         <file>msp432p4xx_driverlib.lib</file>
         <name>cpu.o</name>
      </input_file>
      <input_file id="fl-de">
         <path>C:\Users\betto\Desktop\driverLib\source\ti\devices\msp432p4xx\driverlib\ccs\</path>
         <kind>archive</kind>
         <file>msp432p4xx_driverlib.lib</file>
         <name>sysctl_a.o</name>
      </input_file>
   </input_file_list>
   <object_component_list>
      <object_component id="oc-26">
         <name>.intvecs:retain</name>
         <load_address>0x0</load_address>
         <run_address>0x0</run_address>
         <size>0xe4</size>
         <input_file_ref idref="fl-5"/>
      </object_component>
      <object_component id="oc-165">
         <name>.text</name>
         <load_address>0x5648</load_address>
         <run_address>0x5648</run_address>
         <size>0x680</size>
         <input_file_ref idref="fl-7"/>
      </object_component>
      <object_component id="oc-18f">
         <name>.text:Graphics_drawString</name>
         <load_address>0x5cc8</load_address>
         <run_address>0x5cc8</run_address>
         <size>0x47e</size>
         <input_file_ref idref="fl-d8"/>
      </object_component>
      <object_component id="oc-195">
         <name>.text:Graphics_drawImage</name>
         <load_address>0x6146</load_address>
         <run_address>0x6146</run_address>
         <size>0x390</size>
         <input_file_ref idref="fl-d6"/>
      </object_component>
      <object_component id="oc-c9">
         <name>.text</name>
         <load_address>0x64d8</load_address>
         <run_address>0x64d8</run_address>
         <size>0x338</size>
         <input_file_ref idref="fl-2"/>
      </object_component>
      <object_component id="oc-a5">
         <name>.text</name>
         <load_address>0x6810</load_address>
         <run_address>0x6810</run_address>
         <size>0x334</size>
         <input_file_ref idref="fl-6"/>
      </object_component>
      <object_component id="oc-128">
         <name>.text</name>
         <load_address>0x6b44</load_address>
         <run_address>0x6b44</run_address>
         <size>0x1fc</size>
         <input_file_ref idref="fl-4"/>
      </object_component>
      <object_component id="oc-244">
         <name>.text:Graphics_clipLine</name>
         <load_address>0x6d40</load_address>
         <run_address>0x6d40</run_address>
         <size>0x180</size>
         <input_file_ref idref="fl-d7"/>
      </object_component>
      <object_component id="oc-19b">
         <name>.text:Graphics_drawLine</name>
         <load_address>0x6ec0</load_address>
         <run_address>0x6ec0</run_address>
         <size>0x174</size>
         <input_file_ref idref="fl-d7"/>
      </object_component>
      <object_component id="oc-210">
         <name>.text:Graphics_getStringWidth</name>
         <load_address>0x7034</load_address>
         <run_address>0x7034</run_address>
         <size>0xfa</size>
         <input_file_ref idref="fl-d8"/>
      </object_component>
      <object_component id="oc-1e0">
         <name>.text</name>
         <load_address>0x7130</load_address>
         <run_address>0x7130</run_address>
         <size>0xcc</size>
         <input_file_ref idref="fl-8"/>
      </object_component>
      <object_component id="oc-29f">
         <name>.text:SPI_initMaster</name>
         <load_address>0x71fc</load_address>
         <run_address>0x71fc</run_address>
         <size>0xb0</size>
         <input_file_ref idref="fl-db"/>
      </object_component>
      <object_component id="oc-21e">
         <name>.text:Graphics_drawLineH</name>
         <load_address>0x72ac</load_address>
         <run_address>0x72ac</run_address>
         <size>0x9c</size>
         <input_file_ref idref="fl-d7"/>
      </object_component>
      <object_component id="oc-23e">
         <name>.text:Graphics_drawLineV</name>
         <load_address>0x7348</load_address>
         <run_address>0x7348</run_address>
         <size>0x9c</size>
         <input_file_ref idref="fl-d7"/>
      </object_component>
      <object_component id="oc-37">
         <name>.text</name>
         <load_address>0x73e4</load_address>
         <run_address>0x73e4</run_address>
         <size>0x9c</size>
         <input_file_ref idref="fl-cb"/>
      </object_component>
      <object_component id="oc-293">
         <name>.text:GPIO_setAsPeripheralModuleFunctionOutputPin</name>
         <load_address>0x7480</load_address>
         <run_address>0x7480</run_address>
         <size>0x88</size>
         <input_file_ref idref="fl-d9"/>
      </object_component>
      <object_component id="oc-87">
         <name>.text</name>
         <load_address>0x7508</load_address>
         <run_address>0x7508</run_address>
         <size>0x7a</size>
         <input_file_ref idref="fl-cc"/>
      </object_component>
      <object_component id="oc-230">
         <name>.text:Graphics_convertPalette</name>
         <load_address>0x7584</load_address>
         <run_address>0x7584</run_address>
         <size>0x6c</size>
         <input_file_ref idref="fl-d6"/>
      </object_component>
      <object_component id="oc-17">
         <name>.text:decompress:lzss:__TI_decompress_lzss</name>
         <load_address>0x75f0</load_address>
         <run_address>0x75f0</run_address>
         <size>0x68</size>
         <input_file_ref idref="fl-c9"/>
      </object_component>
      <object_component id="oc-2e9">
         <name>.text:Graphics_getClipCode</name>
         <load_address>0x7658</load_address>
         <run_address>0x7658</run_address>
         <size>0x64</size>
         <input_file_ref idref="fl-d7"/>
      </object_component>
      <object_component id="oc-16b">
         <name>.text:Graphics_initContext</name>
         <load_address>0x76bc</load_address>
         <run_address>0x76bc</run_address>
         <size>0x52</size>
         <input_file_ref idref="fl-d3"/>
      </object_component>
      <object_component id="oc-189">
         <name>.text:Graphics_drawStringCentered</name>
         <load_address>0x770e</load_address>
         <run_address>0x770e</run_address>
         <size>0x48</size>
         <input_file_ref idref="fl-d8"/>
      </object_component>
      <object_component id="oc-236">
         <name>.text:Graphics_drawMultiplePixelsOnDisplay</name>
         <load_address>0x7756</load_address>
         <run_address>0x7756</run_address>
         <size>0x46</size>
         <input_file_ref idref="fl-d4"/>
      </object_component>
      <object_component id="oc-dc">
         <name>.text:__TI_auto_init_nobinit_nopinit:__TI_auto_init_nobinit_nopinit</name>
         <load_address>0x779c</load_address>
         <run_address>0x779c</run_address>
         <size>0x44</size>
         <input_file_ref idref="fl-cd"/>
      </object_component>
      <object_component id="oc-299">
         <name>.text:GPIO_setAsOutputPin</name>
         <load_address>0x77e0</load_address>
         <run_address>0x77e0</run_address>
         <size>0x40</size>
         <input_file_ref idref="fl-d9"/>
      </object_component>
      <object_component id="oc-218">
         <name>.text:Graphics_getNumberOfLeadingZeros</name>
         <load_address>0x7820</load_address>
         <run_address>0x7820</run_address>
         <size>0x40</size>
         <input_file_ref idref="fl-d8"/>
      </object_component>
      <object_component id="oc-30b">
         <name>.text:is_A_Module</name>
         <load_address>0x7860</load_address>
         <run_address>0x7860</run_address>
         <size>0x40</size>
         <input_file_ref idref="fl-db"/>
      </object_component>
      <object_component id="oc-2d3">
         <name>.text:Graphics_drawHorizontalLineOnDisplay</name>
         <load_address>0x78a0</load_address>
         <run_address>0x78a0</run_address>
         <size>0x36</size>
         <input_file_ref idref="fl-d4"/>
      </object_component>
      <object_component id="oc-2e2">
         <name>.text:Graphics_drawVerticalLineOnDisplay</name>
         <load_address>0x78d6</load_address>
         <run_address>0x78d6</run_address>
         <size>0x36</size>
         <input_file_ref idref="fl-d4"/>
      </object_component>
      <object_component id="oc-55">
         <name>.text:_c_int00_noargs:_c_int00_noargs</name>
         <load_address>0x790c</load_address>
         <run_address>0x790c</run_address>
         <size>0x34</size>
         <input_file_ref idref="fl-ca"/>
      </object_component>
      <object_component id="oc-224">
         <name>.text:Graphics_drawPixelOnDisplay</name>
         <load_address>0x7940</load_address>
         <run_address>0x7940</run_address>
         <size>0x2c</size>
         <input_file_ref idref="fl-d4"/>
      </object_component>
      <object_component id="oc-1ec">
         <name>.text:GPIO_setOutputHighOnPin</name>
         <load_address>0x796c</load_address>
         <run_address>0x796c</run_address>
         <size>0x28</size>
         <input_file_ref idref="fl-d9"/>
      </object_component>
      <object_component id="oc-1e6">
         <name>.text:GPIO_setOutputLowOnPin</name>
         <load_address>0x7994</load_address>
         <run_address>0x7994</run_address>
         <size>0x28</size>
         <input_file_ref idref="fl-d9"/>
      </object_component>
      <object_component id="oc-c3">
         <name>.text:WDT_A_holdTimer</name>
         <load_address>0x79bc</load_address>
         <run_address>0x79bc</run_address>
         <size>0x24</size>
         <input_file_ref idref="fl-dc"/>
      </object_component>
      <object_component id="oc-2a5">
         <name>.text:SPI_enableModule</name>
         <load_address>0x79e0</load_address>
         <run_address>0x79e0</run_address>
         <size>0x1c</size>
         <input_file_ref idref="fl-db"/>
      </object_component>
      <object_component id="oc-209">
         <name>.text:Graphics_clearDisplayOnDisplay</name>
         <load_address>0x79fc</load_address>
         <run_address>0x79fc</run_address>
         <size>0x1a</size>
         <input_file_ref idref="fl-d4"/>
      </object_component>
      <object_component id="oc-177">
         <name>.text:Graphics_setBackgroundColor</name>
         <load_address>0x7a16</load_address>
         <run_address>0x7a16</run_address>
         <size>0x1a</size>
         <input_file_ref idref="fl-d3"/>
      </object_component>
      <object_component id="oc-17d">
         <name>.text:Graphics_setFont</name>
         <load_address>0x7a30</load_address>
         <run_address>0x7a30</run_address>
         <size>0x1a</size>
         <input_file_ref idref="fl-d3"/>
      </object_component>
      <object_component id="oc-313">
         <name>.text:EUSCI_A_SPI_enable</name>
         <load_address>0x7a4a</load_address>
         <run_address>0x7a4a</run_address>
         <size>0x16</size>
         <input_file_ref idref="fl-db"/>
      </object_component>
      <object_component id="oc-319">
         <name>.text:EUSCI_B_SPI_enable</name>
         <load_address>0x7a60</load_address>
         <run_address>0x7a60</run_address>
         <size>0x16</size>
         <input_file_ref idref="fl-db"/>
      </object_component>
      <object_component id="oc-171">
         <name>.text:Graphics_setForegroundColor</name>
         <load_address>0x7a76</load_address>
         <run_address>0x7a76</run_address>
         <size>0x16</size>
         <input_file_ref idref="fl-d3"/>
      </object_component>
      <object_component id="oc-200">
         <name>.text:Graphics_translateColorOnDisplay</name>
         <load_address>0x7a8c</load_address>
         <run_address>0x7a8c</run_address>
         <size>0x16</size>
         <input_file_ref idref="fl-d4"/>
      </object_component>
      <object_component id="oc-183">
         <name>.text:Graphics_clearDisplay</name>
         <load_address>0x7aa2</load_address>
         <run_address>0x7aa2</run_address>
         <size>0x12</size>
         <input_file_ref idref="fl-d3"/>
      </object_component>
      <object_component id="oc-93">
         <name>.text</name>
         <load_address>0x7ab4</load_address>
         <run_address>0x7ab4</run_address>
         <size>0x10</size>
         <input_file_ref idref="fl-3"/>
      </object_component>
      <object_component id="oc-1d">
         <name>.text:decompress:none:__TI_decompress_none</name>
         <load_address>0x7ac4</load_address>
         <run_address>0x7ac4</run_address>
         <size>0xe</size>
         <input_file_ref idref="fl-c8"/>
      </object_component>
      <object_component id="oc-67">
         <name>.text</name>
         <load_address>0x7ad2</load_address>
         <run_address>0x7ad2</run_address>
         <size>0xe</size>
         <input_file_ref idref="fl-5"/>
      </object_component>
      <object_component id="oc-49">
         <name>.text:decompress:ZI:__TI_zero_init</name>
         <load_address>0x7ae0</load_address>
         <run_address>0x7ae0</run_address>
         <size>0xc</size>
         <input_file_ref idref="fl-c7"/>
      </object_component>
      <object_component id="oc-8d">
         <name>.text:_system_pre_init</name>
         <load_address>0x7aec</load_address>
         <run_address>0x7aec</run_address>
         <size>0x4</size>
         <input_file_ref idref="fl-ce"/>
      </object_component>
      <object_component id="oc-d0">
         <name>.text:abort:abort</name>
         <load_address>0x7af0</load_address>
         <run_address>0x7af0</run_address>
         <size>0x4</size>
         <input_file_ref idref="fl-d0"/>
      </object_component>
      <object_component id="oc-265">
         <name>.const:.string:pixel_claw8BPP_UNCOMP</name>
         <load_address>0xe4</load_address>
         <run_address>0xe4</run_address>
         <size>0x4000</size>
         <input_file_ref idref="fl-a"/>
      </object_component>
      <object_component id="oc-26e">
         <name>.const:.string:pixel_bluetooth4BPP_UNCOMP</name>
         <load_address>0x40e4</load_address>
         <run_address>0x40e4</run_address>
         <size>0x800</size>
         <input_file_ref idref="fl-9"/>
      </object_component>
      <object_component id="oc-277">
         <name>.const:.string:pixel_thumbsup4BPP_UNCOMP</name>
         <load_address>0x48e4</load_address>
         <run_address>0x48e4</run_address>
         <size>0x480</size>
         <input_file_ref idref="fl-b"/>
      </object_component>
      <object_component id="oc-262">
         <name>.const:palette_claw8BPP_UNCOMP</name>
         <load_address>0x4d64</load_address>
         <run_address>0x4d64</run_address>
         <size>0x400</size>
         <input_file_ref idref="fl-a"/>
      </object_component>
      <object_component id="oc-25c">
         <name>.const:.string:g_pucFontFixed6x8Data</name>
         <load_address>0x5164</load_address>
         <run_address>0x5164</run_address>
         <size>0x2f8</size>
         <input_file_ref idref="fl-d5"/>
      </object_component>
      <object_component id="oc-1aa">
         <name>.const:g_sFontFixed6x8</name>
         <load_address>0x545c</load_address>
         <run_address>0x545c</run_address>
         <size>0xc8</size>
         <input_file_ref idref="fl-d5"/>
      </object_component>
      <object_component id="oc-26b">
         <name>.const:palette_bluetooth4BPP_UNCOMP</name>
         <load_address>0x5524</load_address>
         <run_address>0x5524</run_address>
         <size>0x40</size>
         <input_file_ref idref="fl-9"/>
      </object_component>
      <object_component id="oc-274">
         <name>.const:palette_thumbsup4BPP_UNCOMP</name>
         <load_address>0x5564</load_address>
         <run_address>0x5564</run_address>
         <size>0x40</size>
         <input_file_ref idref="fl-b"/>
      </object_component>
      <object_component id="oc-2b4">
         <name>.const:GPIO_PORT_TO_BASE</name>
         <load_address>0x55a4</load_address>
         <run_address>0x55a4</run_address>
         <size>0x30</size>
         <input_file_ref idref="fl-d9"/>
      </object_component>
      <object_component id="oc-1a7">
         <name>.const:g_sCrystalfontz128x128_funcs</name>
         <load_address>0x55d4</load_address>
         <run_address>0x55d4</run_address>
         <size>0x20</size>
         <input_file_ref idref="fl-7"/>
      </object_component>
      <object_component id="oc-2ab">
         <name>.const:$P$T0$1</name>
         <load_address>0x55f4</load_address>
         <run_address>0x55f4</run_address>
         <size>0x1c</size>
         <input_file_ref idref="fl-8"/>
      </object_component>
      <object_component id="oc-1b0">
         <name>.const:bluetooth4BPP_UNCOMP</name>
         <load_address>0x5610</load_address>
         <run_address>0x5610</run_address>
         <size>0x10</size>
         <input_file_ref idref="fl-9"/>
      </object_component>
      <object_component id="oc-1ad">
         <name>.const:claw8BPP_UNCOMP</name>
         <load_address>0x5620</load_address>
         <run_address>0x5620</run_address>
         <size>0x10</size>
         <input_file_ref idref="fl-a"/>
      </object_component>
      <object_component id="oc-1b3">
         <name>.const:thumbsup4BPP_UNCOMP</name>
         <load_address>0x5630</load_address>
         <run_address>0x5630</run_address>
         <size>0x10</size>
         <input_file_ref idref="fl-b"/>
      </object_component>
      <object_component id="oc-1fb">
         <name>.const:$P$T0$1</name>
         <load_address>0x5640</load_address>
         <run_address>0x5640</run_address>
         <size>0x8</size>
         <input_file_ref idref="fl-7"/>
      </object_component>
      <object_component id="oc-378">
         <name>.cinit..data.load</name>
         <load_address>0x7af8</load_address>
         <run_address>0x7af8</run_address>
         <size>0x13</size>
      </object_component>
      <object_component id="oc-376">
         <name>__TI_handler_table</name>
         <load_address>0x7b0c</load_address>
         <run_address>0x7b0c</run_address>
         <size>0xc</size>
      </object_component>
      <object_component id="oc-379">
         <name>.cinit..bss.load</name>
         <load_address>0x7b18</load_address>
         <run_address>0x7b18</run_address>
         <size>0x8</size>
      </object_component>
      <object_component id="oc-377">
         <name>__TI_cinit_table</name>
         <load_address>0x7b20</load_address>
         <run_address>0x7b20</run_address>
         <size>0x10</size>
      </object_component>
      <object_component id="oc-34a">
         <name>.binit</name>
         <load_address>0x0</load_address>
         <run_address>0x0</run_address>
         <size>0x0</size>
      </object_component>
      <object_component id="oc-12e">
         <name>.data</name>
         <load_address>0x2000043c</load_address>
         <run_address>0x2000043c</run_address>
         <size>0x1</size>
         <input_file_ref idref="fl-2"/>
      </object_component>
      <object_component id="oc-10e">
         <name>.data</name>
         <load_address>0x20000438</load_address>
         <run_address>0x20000438</run_address>
         <size>0x4</size>
         <input_file_ref idref="fl-6"/>
      </object_component>
      <object_component id="oc-1a4">
         <name>.data:g_sCrystalfontz128x128</name>
         <load_address>0x20000428</load_address>
         <run_address>0x20000428</run_address>
         <size>0x10</size>
         <input_file_ref idref="fl-7"/>
      </object_component>
      <object_component id="oc-2db">
         <name>.bss:g_pulConvertedPalette</name>
         <uninitialized>true</uninitialized>
         <run_address>0x20000000</run_address>
         <size>0x400</size>
         <input_file_ref idref="fl-d6"/>
      </object_component>
      <object_component id="oc-1a1">
         <name>.common:g_sContext</name>
         <uninitialized>true</uninitialized>
         <run_address>0x20000400</run_address>
         <size>0x1c</size>
      </object_component>
      <object_component id="oc-1fa">
         <name>.common:Lcd_Orientation</name>
         <uninitialized>true</uninitialized>
         <run_address>0x20000424</run_address>
         <size>0x1</size>
      </object_component>
      <object_component id="oc-1f2">
         <name>.common:Lcd_ScreenWidth</name>
         <uninitialized>true</uninitialized>
         <run_address>0x2000041e</run_address>
         <size>0x2</size>
      </object_component>
      <object_component id="oc-1f5">
         <name>.common:Lcd_ScreenHeigth</name>
         <uninitialized>true</uninitialized>
         <run_address>0x2000041c</run_address>
         <size>0x2</size>
      </object_component>
      <object_component id="oc-1f6">
         <name>.common:Lcd_PenSolid</name>
         <uninitialized>true</uninitialized>
         <run_address>0x20000425</run_address>
         <size>0x1</size>
      </object_component>
      <object_component id="oc-1f7">
         <name>.common:Lcd_FontSolid</name>
         <uninitialized>true</uninitialized>
         <run_address>0x20000423</run_address>
         <size>0x1</size>
      </object_component>
      <object_component id="oc-1f8">
         <name>.common:Lcd_FlagRead</name>
         <uninitialized>true</uninitialized>
         <run_address>0x20000422</run_address>
         <size>0x1</size>
      </object_component>
      <object_component id="oc-1f9">
         <name>.common:Lcd_TouchTrim</name>
         <uninitialized>true</uninitialized>
         <run_address>0x20000420</run_address>
         <size>0x2</size>
      </object_component>
      <object_component id="oc-29">
         <name>.stack</name>
         <uninitialized>true</uninitialized>
         <run_address>0x2000fe00</run_address>
         <size>0x4</size>
         <input_file_ref idref="fl-ca"/>
      </object_component>
      <object_component id="oc-37b">
         <name>.stack</name>
         <uninitialized>true</uninitialized>
         <run_address>0x2000fe00</run_address>
         <size>0x0</size>
      </object_component>
      <object_component id="oc-121">
         <name>.debug_info</name>
         <load_address>0x0</load_address>
         <run_address>0x0</run_address>
         <size>0x511</size>
         <input_file_ref idref="fl-2"/>
      </object_component>
      <object_component id="oc-12f">
         <name>.debug_info</name>
         <load_address>0x511</load_address>
         <run_address>0x511</run_address>
         <size>0xda</size>
         <input_file_ref idref="fl-2"/>
      </object_component>
      <object_component id="oc-ca">
         <name>.debug_info</name>
         <load_address>0x5eb</load_address>
         <run_address>0x5eb</run_address>
         <size>0x6d6</size>
         <input_file_ref idref="fl-2"/>
      </object_component>
      <object_component id="oc-ae">
         <name>.debug_info</name>
         <load_address>0xcc1</load_address>
         <run_address>0xcc1</run_address>
         <size>0x26b</size>
         <input_file_ref idref="fl-2"/>
      </object_component>
      <object_component id="oc-15b">
         <name>.debug_info</name>
         <load_address>0xf2c</load_address>
         <run_address>0xf2c</run_address>
         <size>0x193</size>
         <input_file_ref idref="fl-2"/>
      </object_component>
      <object_component id="oc-156">
         <name>.debug_info</name>
         <load_address>0x10bf</load_address>
         <run_address>0x10bf</run_address>
         <size>0x439</size>
         <input_file_ref idref="fl-2"/>
      </object_component>
      <object_component id="oc-11c">
         <name>.debug_info</name>
         <load_address>0x14f8</load_address>
         <run_address>0x14f8</run_address>
         <size>0x8b</size>
         <input_file_ref idref="fl-2"/>
      </object_component>
      <object_component id="oc-117">
         <name>.debug_info</name>
         <load_address>0x1583</load_address>
         <run_address>0x1583</run_address>
         <size>0x2a4</size>
         <input_file_ref idref="fl-2"/>
      </object_component>
      <object_component id="oc-2c5">
         <name>.debug_info</name>
         <load_address>0x1827</load_address>
         <run_address>0x1827</run_address>
         <size>0xef</size>
         <input_file_ref idref="fl-2"/>
      </object_component>
      <object_component id="oc-112">
         <name>.debug_info</name>
         <load_address>0x1916</load_address>
         <run_address>0x1916</run_address>
         <size>0xbb</size>
         <input_file_ref idref="fl-2"/>
      </object_component>
      <object_component id="oc-2f2">
         <name>.debug_info</name>
         <load_address>0x19d1</load_address>
         <run_address>0x19d1</run_address>
         <size>0x5af</size>
         <input_file_ref idref="fl-3"/>
      </object_component>
      <object_component id="oc-95">
         <name>.debug_info</name>
         <load_address>0x1f80</load_address>
         <run_address>0x1f80</run_address>
         <size>0x130</size>
         <input_file_ref idref="fl-3"/>
      </object_component>
      <object_component id="oc-253">
         <name>.debug_info</name>
         <load_address>0x20b0</load_address>
         <run_address>0x20b0</run_address>
         <size>0x1055</size>
         <input_file_ref idref="fl-3"/>
      </object_component>
      <object_component id="oc-24e">
         <name>.debug_info</name>
         <load_address>0x3105</load_address>
         <run_address>0x3105</run_address>
         <size>0x37e2</size>
         <input_file_ref idref="fl-3"/>
      </object_component>
      <object_component id="oc-32">
         <name>.debug_info</name>
         <load_address>0x68e7</load_address>
         <run_address>0x68e7</run_address>
         <size>0x84</size>
         <input_file_ref idref="fl-3"/>
      </object_component>
      <object_component id="oc-2af">
         <name>.debug_info</name>
         <load_address>0x696b</load_address>
         <run_address>0x696b</run_address>
         <size>0x131</size>
         <input_file_ref idref="fl-3"/>
      </object_component>
      <object_component id="oc-1a2">
         <name>.debug_info</name>
         <load_address>0x6a9c</load_address>
         <run_address>0x6a9c</run_address>
         <size>0xb4c</size>
         <input_file_ref idref="fl-4"/>
      </object_component>
      <object_component id="oc-129">
         <name>.debug_info</name>
         <load_address>0x75e8</load_address>
         <run_address>0x75e8</run_address>
         <size>0x7e1</size>
         <input_file_ref idref="fl-4"/>
      </object_component>
      <object_component id="oc-1b7">
         <name>.debug_info</name>
         <load_address>0x7dc9</load_address>
         <run_address>0x7dc9</run_address>
         <size>0x193</size>
         <input_file_ref idref="fl-4"/>
      </object_component>
      <object_component id="oc-6f">
         <name>.debug_info</name>
         <load_address>0x7f5c</load_address>
         <run_address>0x7f5c</run_address>
         <size>0x2c6</size>
         <input_file_ref idref="fl-5"/>
      </object_component>
      <object_component id="oc-27">
         <name>.debug_info</name>
         <load_address>0x8222</load_address>
         <run_address>0x8222</run_address>
         <size>0xf2</size>
         <input_file_ref idref="fl-5"/>
      </object_component>
      <object_component id="oc-69">
         <name>.debug_info</name>
         <load_address>0x8314</load_address>
         <run_address>0x8314</run_address>
         <size>0x1b9</size>
         <input_file_ref idref="fl-5"/>
      </object_component>
      <object_component id="oc-10f">
         <name>.debug_info</name>
         <load_address>0x84cd</load_address>
         <run_address>0x84cd</run_address>
         <size>0xeb</size>
         <input_file_ref idref="fl-6"/>
      </object_component>
      <object_component id="oc-a6">
         <name>.debug_info</name>
         <load_address>0x85b8</load_address>
         <run_address>0x85b8</run_address>
         <size>0x25d</size>
         <input_file_ref idref="fl-6"/>
      </object_component>
      <object_component id="oc-1f3">
         <name>.debug_info</name>
         <load_address>0x8815</load_address>
         <run_address>0x8815</run_address>
         <size>0x928</size>
         <input_file_ref idref="fl-7"/>
      </object_component>
      <object_component id="oc-1a5">
         <name>.debug_info</name>
         <load_address>0x913d</load_address>
         <run_address>0x913d</run_address>
         <size>0x10c</size>
         <input_file_ref idref="fl-7"/>
      </object_component>
      <object_component id="oc-1a8">
         <name>.debug_info</name>
         <load_address>0x9249</load_address>
         <run_address>0x9249</run_address>
         <size>0x118</size>
         <input_file_ref idref="fl-7"/>
      </object_component>
      <object_component id="oc-1fc">
         <name>.debug_info</name>
         <load_address>0x9361</load_address>
         <run_address>0x9361</run_address>
         <size>0xed</size>
         <input_file_ref idref="fl-7"/>
      </object_component>
      <object_component id="oc-166">
         <name>.debug_info</name>
         <load_address>0x944e</load_address>
         <run_address>0x944e</run_address>
         <size>0x151b</size>
         <input_file_ref idref="fl-7"/>
      </object_component>
      <object_component id="oc-2c0">
         <name>.debug_info</name>
         <load_address>0xa969</load_address>
         <run_address>0xa969</run_address>
         <size>0x37e2</size>
         <input_file_ref idref="fl-7"/>
      </object_component>
      <object_component id="oc-322">
         <name>.debug_info</name>
         <load_address>0xe14b</load_address>
         <run_address>0xe14b</run_address>
         <size>0x86e</size>
         <input_file_ref idref="fl-8"/>
      </object_component>
      <object_component id="oc-2ac">
         <name>.debug_info</name>
         <load_address>0xe9b9</load_address>
         <run_address>0xe9b9</run_address>
         <size>0x100</size>
         <input_file_ref idref="fl-8"/>
      </object_component>
      <object_component id="oc-1e2">
         <name>.debug_info</name>
         <load_address>0xeab9</load_address>
         <run_address>0xeab9</run_address>
         <size>0x59a</size>
         <input_file_ref idref="fl-8"/>
      </object_component>
      <object_component id="oc-273">
         <name>.debug_info</name>
         <load_address>0xf053</load_address>
         <run_address>0xf053</run_address>
         <size>0x253</size>
         <input_file_ref idref="fl-9"/>
      </object_component>
      <object_component id="oc-26f">
         <name>.debug_info</name>
         <load_address>0xf2a6</load_address>
         <run_address>0xf2a6</run_address>
         <size>0xfe</size>
         <input_file_ref idref="fl-9"/>
      </object_component>
      <object_component id="oc-26c">
         <name>.debug_info</name>
         <load_address>0xf3a4</load_address>
         <run_address>0xf3a4</run_address>
         <size>0x102</size>
         <input_file_ref idref="fl-9"/>
      </object_component>
      <object_component id="oc-1b1">
         <name>.debug_info</name>
         <load_address>0xf4a6</load_address>
         <run_address>0xf4a6</run_address>
         <size>0xf3</size>
         <input_file_ref idref="fl-9"/>
      </object_component>
      <object_component id="oc-26a">
         <name>.debug_info</name>
         <load_address>0xf599</load_address>
         <run_address>0xf599</run_address>
         <size>0x24f</size>
         <input_file_ref idref="fl-a"/>
      </object_component>
      <object_component id="oc-266">
         <name>.debug_info</name>
         <load_address>0xf7e8</load_address>
         <run_address>0xf7e8</run_address>
         <size>0xef</size>
         <input_file_ref idref="fl-a"/>
      </object_component>
      <object_component id="oc-263">
         <name>.debug_info</name>
         <load_address>0xf8d7</load_address>
         <run_address>0xf8d7</run_address>
         <size>0xf3</size>
         <input_file_ref idref="fl-a"/>
      </object_component>
      <object_component id="oc-1ae">
         <name>.debug_info</name>
         <load_address>0xf9ca</load_address>
         <run_address>0xf9ca</run_address>
         <size>0xe4</size>
         <input_file_ref idref="fl-a"/>
      </object_component>
      <object_component id="oc-27c">
         <name>.debug_info</name>
         <load_address>0xfaae</load_address>
         <run_address>0xfaae</run_address>
         <size>0x252</size>
         <input_file_ref idref="fl-b"/>
      </object_component>
      <object_component id="oc-278">
         <name>.debug_info</name>
         <load_address>0xfd00</load_address>
         <run_address>0xfd00</run_address>
         <size>0xfb</size>
         <input_file_ref idref="fl-b"/>
      </object_component>
      <object_component id="oc-275">
         <name>.debug_info</name>
         <load_address>0xfdfb</load_address>
         <run_address>0xfdfb</run_address>
         <size>0xff</size>
         <input_file_ref idref="fl-b"/>
      </object_component>
      <object_component id="oc-1b4">
         <name>.debug_info</name>
         <load_address>0xfefa</load_address>
         <run_address>0xfefa</run_address>
         <size>0xf0</size>
         <input_file_ref idref="fl-b"/>
      </object_component>
      <object_component id="oc-86">
         <name>.debug_info</name>
         <load_address>0xffea</load_address>
         <run_address>0xffea</run_address>
         <size>0x2d4</size>
         <input_file_ref idref="fl-c7"/>
      </object_component>
      <object_component id="oc-4c">
         <name>.debug_info</name>
         <load_address>0x102be</load_address>
         <run_address>0x102be</run_address>
         <size>0x1b5</size>
         <input_file_ref idref="fl-c7"/>
      </object_component>
      <object_component id="oc-81">
         <name>.debug_info</name>
         <load_address>0x10473</load_address>
         <run_address>0x10473</run_address>
         <size>0x46</size>
         <input_file_ref idref="fl-c7"/>
      </object_component>
      <object_component id="oc-ba">
         <name>.debug_info</name>
         <load_address>0x104b9</load_address>
         <run_address>0x104b9</run_address>
         <size>0x2c</size>
         <input_file_ref idref="fl-c7"/>
      </object_component>
      <object_component id="oc-42">
         <name>.debug_info</name>
         <load_address>0x104e5</load_address>
         <run_address>0x104e5</run_address>
         <size>0x2a8</size>
         <input_file_ref idref="fl-c8"/>
      </object_component>
      <object_component id="oc-1e">
         <name>.debug_info</name>
         <load_address>0x1078d</load_address>
         <run_address>0x1078d</run_address>
         <size>0x1ea</size>
         <input_file_ref idref="fl-c8"/>
      </object_component>
      <object_component id="oc-3d">
         <name>.debug_info</name>
         <load_address>0x10977</load_address>
         <run_address>0x10977</run_address>
         <size>0x46</size>
         <input_file_ref idref="fl-c8"/>
      </object_component>
      <object_component id="oc-79">
         <name>.debug_info</name>
         <load_address>0x109bd</load_address>
         <run_address>0x109bd</run_address>
         <size>0x2c</size>
         <input_file_ref idref="fl-c8"/>
      </object_component>
      <object_component id="oc-77">
         <name>.debug_info</name>
         <load_address>0x109e9</load_address>
         <run_address>0x109e9</run_address>
         <size>0x29e</size>
         <input_file_ref idref="fl-c9"/>
      </object_component>
      <object_component id="oc-18">
         <name>.debug_info</name>
         <load_address>0x10c87</load_address>
         <run_address>0x10c87</run_address>
         <size>0x250</size>
         <input_file_ref idref="fl-c9"/>
      </object_component>
      <object_component id="oc-2d">
         <name>.debug_info</name>
         <load_address>0x10ed7</load_address>
         <run_address>0x10ed7</run_address>
         <size>0x60</size>
         <input_file_ref idref="fl-c9"/>
      </object_component>
      <object_component id="oc-b3">
         <name>.debug_info</name>
         <load_address>0x10f37</load_address>
         <run_address>0x10f37</run_address>
         <size>0x46</size>
         <input_file_ref idref="fl-c9"/>
      </object_component>
      <object_component id="oc-72">
         <name>.debug_info</name>
         <load_address>0x10f7d</load_address>
         <run_address>0x10f7d</run_address>
         <size>0x39</size>
         <input_file_ref idref="fl-c9"/>
      </object_component>
      <object_component id="oc-2a">
         <name>.debug_info</name>
         <load_address>0x10fb6</load_address>
         <run_address>0x10fb6</run_address>
         <size>0x10b</size>
         <input_file_ref idref="fl-ca"/>
      </object_component>
      <object_component id="oc-56">
         <name>.debug_info</name>
         <load_address>0x110c1</load_address>
         <run_address>0x110c1</run_address>
         <size>0x1a9</size>
         <input_file_ref idref="fl-ca"/>
      </object_component>
      <object_component id="oc-3a">
         <name>.debug_info</name>
         <load_address>0x1126a</load_address>
         <run_address>0x1126a</run_address>
         <size>0x119</size>
         <input_file_ref idref="fl-cb"/>
      </object_component>
      <object_component id="oc-89">
         <name>.debug_info</name>
         <load_address>0x11383</load_address>
         <run_address>0x11383</run_address>
         <size>0x147</size>
         <input_file_ref idref="fl-cc"/>
      </object_component>
      <object_component id="oc-13d">
         <name>.debug_info</name>
         <load_address>0x114ca</load_address>
         <run_address>0x114ca</run_address>
         <size>0x4b3</size>
         <input_file_ref idref="fl-cd"/>
      </object_component>
      <object_component id="oc-df">
         <name>.debug_info</name>
         <load_address>0x1197d</load_address>
         <run_address>0x1197d</run_address>
         <size>0x1a6</size>
         <input_file_ref idref="fl-cd"/>
      </object_component>
      <object_component id="oc-1ce">
         <name>.debug_info</name>
         <load_address>0x11b23</load_address>
         <run_address>0x11b23</run_address>
         <size>0x39</size>
         <input_file_ref idref="fl-cd"/>
      </object_component>
      <object_component id="oc-280">
         <name>.debug_info</name>
         <load_address>0x11b5c</load_address>
         <run_address>0x11b5c</run_address>
         <size>0x39</size>
         <input_file_ref idref="fl-cd"/>
      </object_component>
      <object_component id="oc-1d3">
         <name>.debug_info</name>
         <load_address>0x11b95</load_address>
         <run_address>0x11b95</run_address>
         <size>0x39</size>
         <input_file_ref idref="fl-cd"/>
      </object_component>
      <object_component id="oc-1d8">
         <name>.debug_info</name>
         <load_address>0x11bce</load_address>
         <run_address>0x11bce</run_address>
         <size>0xcd</size>
         <input_file_ref idref="fl-cd"/>
      </object_component>
      <object_component id="oc-8e">
         <name>.debug_info</name>
         <load_address>0x11c9b</load_address>
         <run_address>0x11c9b</run_address>
         <size>0x153</size>
         <input_file_ref idref="fl-ce"/>
      </object_component>
      <object_component id="oc-d2">
         <name>.debug_info</name>
         <load_address>0x11dee</load_address>
         <run_address>0x11dee</run_address>
         <size>0x122</size>
         <input_file_ref idref="fl-d0"/>
      </object_component>
      <object_component id="oc-1df">
         <name>.debug_info</name>
         <load_address>0x11f10</load_address>
         <run_address>0x11f10</run_address>
         <size>0x432</size>
         <input_file_ref idref="fl-d3"/>
      </object_component>
      <object_component id="oc-16c">
         <name>.debug_info</name>
         <load_address>0x12342</load_address>
         <run_address>0x12342</run_address>
         <size>0x1ee</size>
         <input_file_ref idref="fl-d3"/>
      </object_component>
      <object_component id="oc-179">
         <name>.debug_info</name>
         <load_address>0x12530</load_address>
         <run_address>0x12530</run_address>
         <size>0x202</size>
         <input_file_ref idref="fl-d3"/>
      </object_component>
      <object_component id="oc-17f">
         <name>.debug_info</name>
         <load_address>0x12732</load_address>
         <run_address>0x12732</run_address>
         <size>0x1cf</size>
         <input_file_ref idref="fl-d3"/>
      </object_component>
      <object_component id="oc-173">
         <name>.debug_info</name>
         <load_address>0x12901</load_address>
         <run_address>0x12901</run_address>
         <size>0x1f5</size>
         <input_file_ref idref="fl-d3"/>
      </object_component>
      <object_component id="oc-185">
         <name>.debug_info</name>
         <load_address>0x12af6</load_address>
         <run_address>0x12af6</run_address>
         <size>0x1c2</size>
         <input_file_ref idref="fl-d3"/>
      </object_component>
      <object_component id="oc-28e">
         <name>.debug_info</name>
         <load_address>0x12cb8</load_address>
         <run_address>0x12cb8</run_address>
         <size>0x26b</size>
         <input_file_ref idref="fl-d3"/>
      </object_component>
      <object_component id="oc-22b">
         <name>.debug_info</name>
         <load_address>0x12f23</load_address>
         <run_address>0x12f23</run_address>
         <size>0x439</size>
         <input_file_ref idref="fl-d3"/>
      </object_component>
      <object_component id="oc-160">
         <name>.debug_info</name>
         <load_address>0x1335c</load_address>
         <run_address>0x1335c</run_address>
         <size>0x297</size>
         <input_file_ref idref="fl-d3"/>
      </object_component>
      <object_component id="oc-2b8">
         <name>.debug_info</name>
         <load_address>0x135f3</load_address>
         <run_address>0x135f3</run_address>
         <size>0xef</size>
         <input_file_ref idref="fl-d3"/>
      </object_component>
      <object_component id="oc-123">
         <name>.debug_info</name>
         <load_address>0x136e2</load_address>
         <run_address>0x136e2</run_address>
         <size>0xbb</size>
         <input_file_ref idref="fl-d3"/>
      </object_component>
      <object_component id="oc-2cd">
         <name>.debug_info</name>
         <load_address>0x1379d</load_address>
         <run_address>0x1379d</run_address>
         <size>0x2cc</size>
         <input_file_ref idref="fl-d4"/>
      </object_component>
      <object_component id="oc-226">
         <name>.debug_info</name>
         <load_address>0x13a69</load_address>
         <run_address>0x13a69</run_address>
         <size>0x202</size>
         <input_file_ref idref="fl-d4"/>
      </object_component>
      <object_component id="oc-237">
         <name>.debug_info</name>
         <load_address>0x13c6b</load_address>
         <run_address>0x13c6b</run_address>
         <size>0x256</size>
         <input_file_ref idref="fl-d4"/>
      </object_component>
      <object_component id="oc-2d5">
         <name>.debug_info</name>
         <load_address>0x13ec1</load_address>
         <run_address>0x13ec1</run_address>
         <size>0x220</size>
         <input_file_ref idref="fl-d4"/>
      </object_component>
      <object_component id="oc-2e3">
         <name>.debug_info</name>
         <load_address>0x140e1</load_address>
         <run_address>0x140e1</run_address>
         <size>0x21c</size>
         <input_file_ref idref="fl-d4"/>
      </object_component>
      <object_component id="oc-203">
         <name>.debug_info</name>
         <load_address>0x142fd</load_address>
         <run_address>0x142fd</run_address>
         <size>0x1e2</size>
         <input_file_ref idref="fl-d4"/>
      </object_component>
      <object_component id="oc-20a">
         <name>.debug_info</name>
         <load_address>0x144df</load_address>
         <run_address>0x144df</run_address>
         <size>0x1da</size>
         <input_file_ref idref="fl-d4"/>
      </object_component>
      <object_component id="oc-261">
         <name>.debug_info</name>
         <load_address>0x146b9</load_address>
         <run_address>0x146b9</run_address>
         <size>0x27b</size>
         <input_file_ref idref="fl-d5"/>
      </object_component>
      <object_component id="oc-25d">
         <name>.debug_info</name>
         <load_address>0x14934</load_address>
         <run_address>0x14934</run_address>
         <size>0x139</size>
         <input_file_ref idref="fl-d5"/>
      </object_component>
      <object_component id="oc-1ab">
         <name>.debug_info</name>
         <load_address>0x14a6d</load_address>
         <run_address>0x14a6d</run_address>
         <size>0x12e</size>
         <input_file_ref idref="fl-d5"/>
      </object_component>
      <object_component id="oc-23d">
         <name>.debug_info</name>
         <load_address>0x14b9b</load_address>
         <run_address>0x14b9b</run_address>
         <size>0x427</size>
         <input_file_ref idref="fl-d6"/>
      </object_component>
      <object_component id="oc-2dc">
         <name>.debug_info</name>
         <load_address>0x14fc2</load_address>
         <run_address>0x14fc2</run_address>
         <size>0x12c</size>
         <input_file_ref idref="fl-d6"/>
      </object_component>
      <object_component id="oc-231">
         <name>.debug_info</name>
         <load_address>0x150ee</load_address>
         <run_address>0x150ee</run_address>
         <size>0x22f</size>
         <input_file_ref idref="fl-d6"/>
      </object_component>
      <object_component id="oc-196">
         <name>.debug_info</name>
         <load_address>0x1531d</load_address>
         <run_address>0x1531d</run_address>
         <size>0x3e1</size>
         <input_file_ref idref="fl-d6"/>
      </object_component>
      <object_component id="oc-24b">
         <name>.debug_info</name>
         <load_address>0x156fe</load_address>
         <run_address>0x156fe</run_address>
         <size>0x40c</size>
         <input_file_ref idref="fl-d7"/>
      </object_component>
      <object_component id="oc-220">
         <name>.debug_info</name>
         <load_address>0x15b0a</load_address>
         <run_address>0x15b0a</run_address>
         <size>0x215</size>
         <input_file_ref idref="fl-d7"/>
      </object_component>
      <object_component id="oc-241">
         <name>.debug_info</name>
         <load_address>0x15d1f</load_address>
         <run_address>0x15d1f</run_address>
         <size>0x213</size>
         <input_file_ref idref="fl-d7"/>
      </object_component>
      <object_component id="oc-2eb">
         <name>.debug_info</name>
         <load_address>0x15f32</load_address>
         <run_address>0x15f32</run_address>
         <size>0x1d3</size>
         <input_file_ref idref="fl-d7"/>
      </object_component>
      <object_component id="oc-246">
         <name>.debug_info</name>
         <load_address>0x16105</load_address>
         <run_address>0x16105</run_address>
         <size>0x2ac</size>
         <input_file_ref idref="fl-d7"/>
      </object_component>
      <object_component id="oc-19e">
         <name>.debug_info</name>
         <load_address>0x163b1</load_address>
         <run_address>0x163b1</run_address>
         <size>0x2e1</size>
         <input_file_ref idref="fl-d7"/>
      </object_component>
      <object_component id="oc-217">
         <name>.debug_info</name>
         <load_address>0x16692</load_address>
         <run_address>0x16692</run_address>
         <size>0x38b</size>
         <input_file_ref idref="fl-d8"/>
      </object_component>
      <object_component id="oc-219">
         <name>.debug_info</name>
         <load_address>0x16a1d</load_address>
         <run_address>0x16a1d</run_address>
         <size>0x1c4</size>
         <input_file_ref idref="fl-d8"/>
      </object_component>
      <object_component id="oc-211">
         <name>.debug_info</name>
         <load_address>0x16be1</load_address>
         <run_address>0x16be1</run_address>
         <size>0x28d</size>
         <input_file_ref idref="fl-d8"/>
      </object_component>
      <object_component id="oc-190">
         <name>.debug_info</name>
         <load_address>0x16e6e</load_address>
         <run_address>0x16e6e</run_address>
         <size>0x429</size>
         <input_file_ref idref="fl-d8"/>
      </object_component>
      <object_component id="oc-18b">
         <name>.debug_info</name>
         <load_address>0x17297</load_address>
         <run_address>0x17297</run_address>
         <size>0x26d</size>
         <input_file_ref idref="fl-d8"/>
      </object_component>
      <object_component id="oc-325">
         <name>.debug_info</name>
         <load_address>0x17504</load_address>
         <run_address>0x17504</run_address>
         <size>0x701</size>
         <input_file_ref idref="fl-d9"/>
      </object_component>
      <object_component id="oc-2b5">
         <name>.debug_info</name>
         <load_address>0x17c05</load_address>
         <run_address>0x17c05</run_address>
         <size>0x135</size>
         <input_file_ref idref="fl-d9"/>
      </object_component>
      <object_component id="oc-29b">
         <name>.debug_info</name>
         <load_address>0x17d3a</load_address>
         <run_address>0x17d3a</run_address>
         <size>0x252</size>
         <input_file_ref idref="fl-d9"/>
      </object_component>
      <object_component id="oc-295">
         <name>.debug_info</name>
         <load_address>0x17f8c</load_address>
         <run_address>0x17f8c</run_address>
         <size>0x2a5</size>
         <input_file_ref idref="fl-d9"/>
      </object_component>
      <object_component id="oc-1ee">
         <name>.debug_info</name>
         <load_address>0x18231</load_address>
         <run_address>0x18231</run_address>
         <size>0x25a</size>
         <input_file_ref idref="fl-d9"/>
      </object_component>
      <object_component id="oc-1e8">
         <name>.debug_info</name>
         <load_address>0x1848b</load_address>
         <run_address>0x1848b</run_address>
         <size>0x258</size>
         <input_file_ref idref="fl-d9"/>
      </object_component>
      <object_component id="oc-337">
         <name>.debug_info</name>
         <load_address>0x186e3</load_address>
         <run_address>0x186e3</run_address>
         <size>0x1028</size>
         <input_file_ref idref="fl-d9"/>
      </object_component>
      <object_component id="oc-332">
         <name>.debug_info</name>
         <load_address>0x1970b</load_address>
         <run_address>0x1970b</run_address>
         <size>0x431a</size>
         <input_file_ref idref="fl-d9"/>
      </object_component>
      <object_component id="oc-312">
         <name>.debug_info</name>
         <load_address>0x1da25</load_address>
         <run_address>0x1da25</run_address>
         <size>0x6f5</size>
         <input_file_ref idref="fl-db"/>
      </object_component>
      <object_component id="oc-30d">
         <name>.debug_info</name>
         <load_address>0x1e11a</load_address>
         <run_address>0x1e11a</run_address>
         <size>0x1c7</size>
         <input_file_ref idref="fl-db"/>
      </object_component>
      <object_component id="oc-2a1">
         <name>.debug_info</name>
         <load_address>0x1e2e1</load_address>
         <run_address>0x1e2e1</run_address>
         <size>0x22b</size>
         <input_file_ref idref="fl-db"/>
      </object_component>
      <object_component id="oc-2a7">
         <name>.debug_info</name>
         <load_address>0x1e50c</load_address>
         <run_address>0x1e50c</run_address>
         <size>0x235</size>
         <input_file_ref idref="fl-db"/>
      </object_component>
      <object_component id="oc-31b">
         <name>.debug_info</name>
         <load_address>0x1e741</load_address>
         <run_address>0x1e741</run_address>
         <size>0x1e9</size>
         <input_file_ref idref="fl-db"/>
      </object_component>
      <object_component id="oc-315">
         <name>.debug_info</name>
         <load_address>0x1e92a</load_address>
         <run_address>0x1e92a</run_address>
         <size>0x1e9</size>
         <input_file_ref idref="fl-db"/>
      </object_component>
      <object_component id="oc-33c">
         <name>.debug_info</name>
         <load_address>0x1eb13</load_address>
         <run_address>0x1eb13</run_address>
         <size>0x131</size>
         <input_file_ref idref="fl-db"/>
      </object_component>
      <object_component id="oc-c6">
         <name>.debug_info</name>
         <load_address>0x1ec44</load_address>
         <run_address>0x1ec44</run_address>
         <size>0x1c9</size>
         <input_file_ref idref="fl-dc"/>
      </object_component>
      <object_component id="oc-37c">
         <name>.debug_info</name>
         <load_address>0x1ee0d</load_address>
         <run_address>0x1ee0d</run_address>
         <size>0x9e</size>
      </object_component>
      <object_component id="oc-155">
         <name>.debug_line</name>
         <load_address>0x0</load_address>
         <run_address>0x0</run_address>
         <size>0x37</size>
         <input_file_ref idref="fl-2"/>
      </object_component>
      <object_component id="oc-1bd">
         <name>.debug_line</name>
         <load_address>0x37</load_address>
         <run_address>0x37</run_address>
         <size>0x38</size>
         <input_file_ref idref="fl-2"/>
      </object_component>
      <object_component id="oc-ce">
         <name>.debug_line</name>
         <load_address>0x6f</load_address>
         <run_address>0x6f</run_address>
         <size>0x124</size>
         <input_file_ref idref="fl-2"/>
      </object_component>
      <object_component id="oc-b1">
         <name>.debug_line</name>
         <load_address>0x193</load_address>
         <run_address>0x193</run_address>
         <size>0x6f</size>
         <input_file_ref idref="fl-2"/>
      </object_component>
      <object_component id="oc-15e">
         <name>.debug_line</name>
         <load_address>0x202</load_address>
         <run_address>0x202</run_address>
         <size>0x37</size>
         <input_file_ref idref="fl-2"/>
      </object_component>
      <object_component id="oc-159">
         <name>.debug_line</name>
         <load_address>0x239</load_address>
         <run_address>0x239</run_address>
         <size>0x5c</size>
         <input_file_ref idref="fl-2"/>
      </object_component>
      <object_component id="oc-11f">
         <name>.debug_line</name>
         <load_address>0x295</load_address>
         <run_address>0x295</run_address>
         <size>0x20</size>
         <input_file_ref idref="fl-2"/>
      </object_component>
      <object_component id="oc-11a">
         <name>.debug_line</name>
         <load_address>0x2b5</load_address>
         <run_address>0x2b5</run_address>
         <size>0x73</size>
         <input_file_ref idref="fl-2"/>
      </object_component>
      <object_component id="oc-2c8">
         <name>.debug_line</name>
         <load_address>0x328</load_address>
         <run_address>0x328</run_address>
         <size>0x6f</size>
         <input_file_ref idref="fl-2"/>
      </object_component>
      <object_component id="oc-115">
         <name>.debug_line</name>
         <load_address>0x397</load_address>
         <run_address>0x397</run_address>
         <size>0x70</size>
         <input_file_ref idref="fl-2"/>
      </object_component>
      <object_component id="oc-32e">
         <name>.debug_line</name>
         <load_address>0x407</load_address>
         <run_address>0x407</run_address>
         <size>0x8b</size>
         <input_file_ref idref="fl-3"/>
      </object_component>
      <object_component id="oc-94">
         <name>.debug_line</name>
         <load_address>0x492</load_address>
         <run_address>0x492</run_address>
         <size>0x44</size>
         <input_file_ref idref="fl-3"/>
      </object_component>
      <object_component id="oc-256">
         <name>.debug_line</name>
         <load_address>0x4d6</load_address>
         <run_address>0x4d6</run_address>
         <size>0x5b</size>
         <input_file_ref idref="fl-3"/>
      </object_component>
      <object_component id="oc-251">
         <name>.debug_line</name>
         <load_address>0x531</load_address>
         <run_address>0x531</run_address>
         <size>0x73</size>
         <input_file_ref idref="fl-3"/>
      </object_component>
      <object_component id="oc-35">
         <name>.debug_line</name>
         <load_address>0x5a4</load_address>
         <run_address>0x5a4</run_address>
         <size>0x20</size>
         <input_file_ref idref="fl-3"/>
      </object_component>
      <object_component id="oc-2b2">
         <name>.debug_line</name>
         <load_address>0x5c4</load_address>
         <run_address>0x5c4</run_address>
         <size>0x71</size>
         <input_file_ref idref="fl-3"/>
      </object_component>
      <object_component id="oc-24d">
         <name>.debug_line</name>
         <load_address>0x635</load_address>
         <run_address>0x635</run_address>
         <size>0xb6</size>
         <input_file_ref idref="fl-4"/>
      </object_component>
      <object_component id="oc-12d">
         <name>.debug_line</name>
         <load_address>0x6eb</load_address>
         <run_address>0x6eb</run_address>
         <size>0x15e</size>
         <input_file_ref idref="fl-4"/>
      </object_component>
      <object_component id="oc-1ba">
         <name>.debug_line</name>
         <load_address>0x849</load_address>
         <run_address>0x849</run_address>
         <size>0x37</size>
         <input_file_ref idref="fl-4"/>
      </object_component>
      <object_component id="oc-ad">
         <name>.debug_line</name>
         <load_address>0x880</load_address>
         <run_address>0x880</run_address>
         <size>0x40</size>
         <input_file_ref idref="fl-5"/>
      </object_component>
      <object_component id="oc-6e">
         <name>.debug_line</name>
         <load_address>0x8c0</load_address>
         <run_address>0x8c0</run_address>
         <size>0x40</size>
         <input_file_ref idref="fl-5"/>
      </object_component>
      <object_component id="oc-68">
         <name>.debug_line</name>
         <load_address>0x900</load_address>
         <run_address>0x900</run_address>
         <size>0x71</size>
         <input_file_ref idref="fl-5"/>
      </object_component>
      <object_component id="oc-153">
         <name>.debug_line</name>
         <load_address>0x971</load_address>
         <run_address>0x971</run_address>
         <size>0x3b</size>
         <input_file_ref idref="fl-6"/>
      </object_component>
      <object_component id="oc-aa">
         <name>.debug_line</name>
         <load_address>0x9ac</load_address>
         <run_address>0x9ac</run_address>
         <size>0x134</size>
         <input_file_ref idref="fl-6"/>
      </object_component>
      <object_component id="oc-2bf">
         <name>.debug_line</name>
         <load_address>0xae0</load_address>
         <run_address>0xae0</run_address>
         <size>0xe0</size>
         <input_file_ref idref="fl-7"/>
      </object_component>
      <object_component id="oc-259">
         <name>.debug_line</name>
         <load_address>0xbc0</load_address>
         <run_address>0xbc0</run_address>
         <size>0x4d</size>
         <input_file_ref idref="fl-7"/>
      </object_component>
      <object_component id="oc-25b">
         <name>.debug_line</name>
         <load_address>0xc0d</load_address>
         <run_address>0xc0d</run_address>
         <size>0x4d</size>
         <input_file_ref idref="fl-7"/>
      </object_component>
      <object_component id="oc-2cb">
         <name>.debug_line</name>
         <load_address>0xc5a</load_address>
         <run_address>0xc5a</run_address>
         <size>0x4d</size>
         <input_file_ref idref="fl-7"/>
      </object_component>
      <object_component id="oc-169">
         <name>.debug_line</name>
         <load_address>0xca7</load_address>
         <run_address>0xca7</run_address>
         <size>0x386</size>
         <input_file_ref idref="fl-7"/>
      </object_component>
      <object_component id="oc-2c3">
         <name>.debug_line</name>
         <load_address>0x102d</load_address>
         <run_address>0x102d</run_address>
         <size>0x73</size>
         <input_file_ref idref="fl-7"/>
      </object_component>
      <object_component id="oc-344">
         <name>.debug_line</name>
         <load_address>0x10a0</load_address>
         <run_address>0x10a0</run_address>
         <size>0xc3</size>
         <input_file_ref idref="fl-8"/>
      </object_component>
      <object_component id="oc-321">
         <name>.debug_line</name>
         <load_address>0x1163</load_address>
         <run_address>0x1163</run_address>
         <size>0x61</size>
         <input_file_ref idref="fl-8"/>
      </object_component>
      <object_component id="oc-1e4">
         <name>.debug_line</name>
         <load_address>0x11c4</load_address>
         <run_address>0x11c4</run_address>
         <size>0xd8</size>
         <input_file_ref idref="fl-8"/>
      </object_component>
      <object_component id="oc-302">
         <name>.debug_line</name>
         <load_address>0x129c</load_address>
         <run_address>0x129c</run_address>
         <size>0x20</size>
         <input_file_ref idref="fl-9"/>
      </object_component>
      <object_component id="oc-300">
         <name>.debug_line</name>
         <load_address>0x12bc</load_address>
         <run_address>0x12bc</run_address>
         <size>0x39</size>
         <input_file_ref idref="fl-9"/>
      </object_component>
      <object_component id="oc-2fe">
         <name>.debug_line</name>
         <load_address>0x12f5</load_address>
         <run_address>0x12f5</run_address>
         <size>0x39</size>
         <input_file_ref idref="fl-9"/>
      </object_component>
      <object_component id="oc-272">
         <name>.debug_line</name>
         <load_address>0x132e</load_address>
         <run_address>0x132e</run_address>
         <size>0x39</size>
         <input_file_ref idref="fl-9"/>
      </object_component>
      <object_component id="oc-2fc">
         <name>.debug_line</name>
         <load_address>0x1367</load_address>
         <run_address>0x1367</run_address>
         <size>0x20</size>
         <input_file_ref idref="fl-a"/>
      </object_component>
      <object_component id="oc-2fa">
         <name>.debug_line</name>
         <load_address>0x1387</load_address>
         <run_address>0x1387</run_address>
         <size>0x34</size>
         <input_file_ref idref="fl-a"/>
      </object_component>
      <object_component id="oc-2f8">
         <name>.debug_line</name>
         <load_address>0x13bb</load_address>
         <run_address>0x13bb</run_address>
         <size>0x34</size>
         <input_file_ref idref="fl-a"/>
      </object_component>
      <object_component id="oc-269">
         <name>.debug_line</name>
         <load_address>0x13ef</load_address>
         <run_address>0x13ef</run_address>
         <size>0x34</size>
         <input_file_ref idref="fl-a"/>
      </object_component>
      <object_component id="oc-308">
         <name>.debug_line</name>
         <load_address>0x1423</load_address>
         <run_address>0x1423</run_address>
         <size>0x20</size>
         <input_file_ref idref="fl-b"/>
      </object_component>
      <object_component id="oc-306">
         <name>.debug_line</name>
         <load_address>0x1443</load_address>
         <run_address>0x1443</run_address>
         <size>0x38</size>
         <input_file_ref idref="fl-b"/>
      </object_component>
      <object_component id="oc-304">
         <name>.debug_line</name>
         <load_address>0x147b</load_address>
         <run_address>0x147b</run_address>
         <size>0x38</size>
         <input_file_ref idref="fl-b"/>
      </object_component>
      <object_component id="oc-27b">
         <name>.debug_line</name>
         <load_address>0x14b3</load_address>
         <run_address>0x14b3</run_address>
         <size>0x38</size>
         <input_file_ref idref="fl-b"/>
      </object_component>
      <object_component id="oc-c0">
         <name>.debug_line</name>
         <load_address>0x14eb</load_address>
         <run_address>0x14eb</run_address>
         <size>0x92</size>
         <input_file_ref idref="fl-c7"/>
      </object_component>
      <object_component id="oc-4e">
         <name>.debug_line</name>
         <load_address>0x157d</load_address>
         <run_address>0x157d</run_address>
         <size>0x53</size>
         <input_file_ref idref="fl-c7"/>
      </object_component>
      <object_component id="oc-84">
         <name>.debug_line</name>
         <load_address>0x15d0</load_address>
         <run_address>0x15d0</run_address>
         <size>0x34</size>
         <input_file_ref idref="fl-c7"/>
      </object_component>
      <object_component id="oc-bd">
         <name>.debug_line</name>
         <load_address>0x1604</load_address>
         <run_address>0x1604</run_address>
         <size>0x92</size>
         <input_file_ref idref="fl-c7"/>
      </object_component>
      <object_component id="oc-7f">
         <name>.debug_line</name>
         <load_address>0x1696</load_address>
         <run_address>0x1696</run_address>
         <size>0x20</size>
         <input_file_ref idref="fl-c8"/>
      </object_component>
      <object_component id="oc-22">
         <name>.debug_line</name>
         <load_address>0x16b6</load_address>
         <run_address>0x16b6</run_address>
         <size>0x55</size>
         <input_file_ref idref="fl-c8"/>
      </object_component>
      <object_component id="oc-40">
         <name>.debug_line</name>
         <load_address>0x170b</load_address>
         <run_address>0x170b</run_address>
         <size>0x3a</size>
         <input_file_ref idref="fl-c8"/>
      </object_component>
      <object_component id="oc-7c">
         <name>.debug_line</name>
         <load_address>0x1745</load_address>
         <run_address>0x1745</run_address>
         <size>0x92</size>
         <input_file_ref idref="fl-c8"/>
      </object_component>
      <object_component id="oc-b9">
         <name>.debug_line</name>
         <load_address>0x17d7</load_address>
         <run_address>0x17d7</run_address>
         <size>0x20</size>
         <input_file_ref idref="fl-c9"/>
      </object_component>
      <object_component id="oc-1c">
         <name>.debug_line</name>
         <load_address>0x17f7</load_address>
         <run_address>0x17f7</run_address>
         <size>0xa9</size>
         <input_file_ref idref="fl-c9"/>
      </object_component>
      <object_component id="oc-30">
         <name>.debug_line</name>
         <load_address>0x18a0</load_address>
         <run_address>0x18a0</run_address>
         <size>0x3a</size>
         <input_file_ref idref="fl-c9"/>
      </object_component>
      <object_component id="oc-b6">
         <name>.debug_line</name>
         <load_address>0x18da</load_address>
         <run_address>0x18da</run_address>
         <size>0x9a</size>
         <input_file_ref idref="fl-c9"/>
      </object_component>
      <object_component id="oc-75">
         <name>.debug_line</name>
         <load_address>0x1974</load_address>
         <run_address>0x1974</run_address>
         <size>0x96</size>
         <input_file_ref idref="fl-c9"/>
      </object_component>
      <object_component id="oc-71">
         <name>.debug_line</name>
         <load_address>0x1a0a</load_address>
         <run_address>0x1a0a</run_address>
         <size>0x33</size>
         <input_file_ref idref="fl-ca"/>
      </object_component>
      <object_component id="oc-5a">
         <name>.debug_line</name>
         <load_address>0x1a3d</load_address>
         <run_address>0x1a3d</run_address>
         <size>0x45</size>
         <input_file_ref idref="fl-ca"/>
      </object_component>
      <object_component id="oc-39">
         <name>.debug_line</name>
         <load_address>0x1a82</load_address>
         <run_address>0x1a82</run_address>
         <size>0x88</size>
         <input_file_ref idref="fl-cb"/>
      </object_component>
      <object_component id="oc-8b">
         <name>.debug_line</name>
         <load_address>0x1b0a</load_address>
         <run_address>0x1b0a</run_address>
         <size>0x79</size>
         <input_file_ref idref="fl-cc"/>
      </object_component>
      <object_component id="oc-1cd">
         <name>.debug_line</name>
         <load_address>0x1b83</load_address>
         <run_address>0x1b83</run_address>
         <size>0xbf</size>
         <input_file_ref idref="fl-cd"/>
      </object_component>
      <object_component id="oc-dd">
         <name>.debug_line</name>
         <load_address>0x1c42</load_address>
         <run_address>0x1c42</run_address>
         <size>0x6f</size>
         <input_file_ref idref="fl-cd"/>
      </object_component>
      <object_component id="oc-1d1">
         <name>.debug_line</name>
         <load_address>0x1cb1</load_address>
         <run_address>0x1cb1</run_address>
         <size>0x2e</size>
         <input_file_ref idref="fl-cd"/>
      </object_component>
      <object_component id="oc-283">
         <name>.debug_line</name>
         <load_address>0x1cdf</load_address>
         <run_address>0x1cdf</run_address>
         <size>0x9a</size>
         <input_file_ref idref="fl-cd"/>
      </object_component>
      <object_component id="oc-1d6">
         <name>.debug_line</name>
         <load_address>0x1d79</load_address>
         <run_address>0x1d79</run_address>
         <size>0x97</size>
         <input_file_ref idref="fl-cd"/>
      </object_component>
      <object_component id="oc-1db">
         <name>.debug_line</name>
         <load_address>0x1e10</load_address>
         <run_address>0x1e10</run_address>
         <size>0x93</size>
         <input_file_ref idref="fl-cd"/>
      </object_component>
      <object_component id="oc-91">
         <name>.debug_line</name>
         <load_address>0x1ea3</load_address>
         <run_address>0x1ea3</run_address>
         <size>0x40</size>
         <input_file_ref idref="fl-ce"/>
      </object_component>
      <object_component id="oc-d5">
         <name>.debug_line</name>
         <load_address>0x1ee3</load_address>
         <run_address>0x1ee3</run_address>
         <size>0x3c</size>
         <input_file_ref idref="fl-d0"/>
      </object_component>
      <object_component id="oc-28d">
         <name>.debug_line</name>
         <load_address>0x1f1f</load_address>
         <run_address>0x1f1f</run_address>
         <size>0x8a</size>
         <input_file_ref idref="fl-d3"/>
      </object_component>
      <object_component id="oc-16f">
         <name>.debug_line</name>
         <load_address>0x1fa9</load_address>
         <run_address>0x1fa9</run_address>
         <size>0x58</size>
         <input_file_ref idref="fl-d3"/>
      </object_component>
      <object_component id="oc-17c">
         <name>.debug_line</name>
         <load_address>0x2001</load_address>
         <run_address>0x2001</run_address>
         <size>0x51</size>
         <input_file_ref idref="fl-d3"/>
      </object_component>
      <object_component id="oc-182">
         <name>.debug_line</name>
         <load_address>0x2052</load_address>
         <run_address>0x2052</run_address>
         <size>0x54</size>
         <input_file_ref idref="fl-d3"/>
      </object_component>
      <object_component id="oc-176">
         <name>.debug_line</name>
         <load_address>0x20a6</load_address>
[...]
         <name>CONTINUE</name>
         <value>0x2000043c</value>
         <object_component_ref idref="oc-12e"/>
      </symbol>
      <symbol id="sm-89">
         <name>screenMenuPosizione</name>
         <value>0x65a3</value>
         <object_component_ref idref="oc-c9"/>
      </symbol>
      <symbol id="sm-8a">
         <name>screenSavingPosition</name>
         <value>0x66b9</value>
         <object_component_ref idref="oc-c9"/>
      </symbol>
      <symbol id="sm-8b">
         <name>screenBluetoothPairing</name>
         <value>0x6553</value>
         <object_component_ref idref="oc-c9"/>
      </symbol>
      <symbol id="sm-ad">
         <name>main</name>
         <value>0x7ab5</value>
         <object_component_ref idref="oc-93"/>
      </symbol>
      <symbol id="sm-dc">
         <name>g_sContext</name>
         <value>0x20000400</value>
      </symbol>
      <symbol id="sm-dd">
         <name>cleanScreen</name>
         <value>0x6bd1</value>
         <object_component_ref idref="oc-128"/>
      </symbol>
      <symbol id="sm-de">
         <name>clampY</name>
         <value>0x6b61</value>
         <object_component_ref idref="oc-128"/>
      </symbol>
      <symbol id="sm-df">
         <name>clampX</name>
         <value>0x6b45</value>
         <object_component_ref idref="oc-128"/>
      </symbol>
      <symbol id="sm-e0">
         <name>drawImage</name>
         <value>0x6c4f</value>
         <object_component_ref idref="oc-128"/>
      </symbol>
      <symbol id="sm-e1">
         <name>drawLine</name>
         <value>0x6cc9</value>
         <object_component_ref idref="oc-128"/>
      </symbol>
      <symbol id="sm-e2">
         <name>setBackgroundColor</name>
         <value>0x6bc3</value>
         <object_component_ref idref="oc-128"/>
      </symbol>
      <symbol id="sm-e3">
         <name>writeToScreen</name>
         <value>0x6bdb</value>
         <object_component_ref idref="oc-128"/>
      </symbol>
      <symbol id="sm-e4">
         <name>setForegroundColor</name>
         <value>0x6bb5</value>
         <object_component_ref idref="oc-128"/>
      </symbol>
      <symbol id="sm-e5">
         <name>_graphicsInit</name>
         <value>0x6b7d</value>
         <object_component_ref idref="oc-128"/>
      </symbol>
      <symbol id="sm-fa">
         <name>Reset_Handler</name>
         <value>0x7ad3</value>
         <object_component_ref idref="oc-67"/>
      </symbol>
      <symbol id="sm-fb">
         <name>Default_Handler</name>
         <value>0x7adf</value>
         <object_component_ref idref="oc-67"/>
      </symbol>
      <symbol id="sm-fc">
         <name>interruptVectors</name>
         <value>0x0</value>
         <object_component_ref idref="oc-26"/>
      </symbol>
      <symbol id="sm-144">
         <name>SystemInit</name>
         <value>0x6a89</value>
         <object_component_ref idref="oc-a5"/>
      </symbol>
      <symbol id="sm-145">
         <name>SystemCoreClockUpdate</name>
         <value>0x6811</value>
         <object_component_ref idref="oc-a5"/>
      </symbol>
      <symbol id="sm-146">
         <name>SystemCoreClock</name>
         <value>0x20000438</value>
         <object_component_ref idref="oc-10e"/>
      </symbol>
      <symbol id="sm-1b2">
         <name>Lcd_Orientation</name>
         <value>0x20000424</value>
      </symbol>
      <symbol id="sm-1b3">
         <name>Lcd_ScreenWidth</name>
         <value>0x2000041e</value>
      </symbol>
      <symbol id="sm-1b4">
         <name>Lcd_ScreenHeigth</name>
         <value>0x2000041c</value>
      </symbol>
      <symbol id="sm-1b5">
         <name>Lcd_PenSolid</name>
         <value>0x20000425</value>
      </symbol>
      <symbol id="sm-1b6">
         <name>Lcd_FontSolid</name>
         <value>0x20000423</value>
      </symbol>
      <symbol id="sm-1b7">
         <name>Lcd_FlagRead</name>
         <value>0x20000422</value>
      </symbol>
      <symbol id="sm-1b8">
         <name>Lcd_TouchTrim</name>
         <value>0x20000420</value>
      </symbol>
      <symbol id="sm-1b9">
         <name>Crystalfontz128x128_SetDrawFrame</name>
         <value>0x575d</value>
         <object_component_ref idref="oc-165"/>
      </symbol>
      <symbol id="sm-1ba">
         <name>Crystalfontz128x128_SetOrientation</name>
         <value>0x588b</value>
         <object_component_ref idref="oc-165"/>
      </symbol>
      <symbol id="sm-1bb">
         <name>g_sCrystalfontz128x128_funcs</name>
         <value>0x55d4</value>
         <object_component_ref idref="oc-1a7"/>
      </symbol>
      <symbol id="sm-1bc">
         <name>g_sCrystalfontz128x128</name>
         <value>0x20000428</value>
         <object_component_ref idref="oc-1a4"/>
      </symbol>
      <symbol id="sm-1bd">
         <name>Crystalfontz128x128_Init</name>
         <value>0x5649</value>
         <object_component_ref idref="oc-165"/>
      </symbol>
      <symbol id="sm-1dd">
         <name>HAL_LCD_writeData</name>
         <value>0x71c7</value>
         <object_component_ref idref="oc-1e0"/>
      </symbol>
      <symbol id="sm-1de">
         <name>HAL_LCD_SpiInit</name>
         <value>0x7161</value>
         <object_component_ref idref="oc-1e0"/>
      </symbol>
      <symbol id="sm-1df">
         <name>HAL_LCD_PortInit</name>
         <value>0x7131</value>
         <object_component_ref idref="oc-1e0"/>
      </symbol>
      <symbol id="sm-1e0">
         <name>HAL_LCD_writeCommand</name>
         <value>0x7197</value>
         <object_component_ref idref="oc-1e0"/>
      </symbol>
      <symbol id="sm-1f9">
         <name>bluetooth4BPP_UNCOMP</name>
         <value>0x5610</value>
         <object_component_ref idref="oc-1b0"/>
      </symbol>
      <symbol id="sm-212">
         <name>claw8BPP_UNCOMP</name>
         <value>0x5620</value>
         <object_component_ref idref="oc-1ad"/>
      </symbol>
      <symbol id="sm-22b">
         <name>thumbsup4BPP_UNCOMP</name>
         <value>0x5630</value>
         <object_component_ref idref="oc-1b3"/>
      </symbol>
      <symbol id="sm-242">
         <name>__TI_zero_init</name>
         <value>0x7ae1</value>
         <object_component_ref idref="oc-49"/>
      </symbol>
      <symbol id="sm-259">
         <name>__TI_decompress_none</name>
         <value>0x7ac5</value>
         <object_component_ref idref="oc-1d"/>
      </symbol>
      <symbol id="sm-27c">
         <name>__TI_decompress_lzss</name>
         <value>0x75f1</value>
         <object_component_ref idref="oc-17"/>
      </symbol>
      <symbol id="sm-28f">
         <name>__stack</name>
         <value>0x2000fe00</value>
         <object_component_ref idref="oc-29"/>
      </symbol>
      <symbol id="sm-290">
         <name>_c_int00_noargs</name>
         <value>0x790d</value>
         <object_component_ref idref="oc-55"/>
      </symbol>
      <symbol id="sm-2ab">
         <name>memcpy</name>
         <value>0x73e5</value>
         <object_component_ref idref="oc-37"/>
      </symbol>
      <symbol id="sm-2ac">
         <name>__aeabi_memcpy</name>
         <value>0x73e5</value>
         <object_component_ref idref="oc-37"/>
      </symbol>
      <symbol id="sm-2ad">
         <name>__aeabi_memcpy8</name>
         <value>0x73e5</value>
         <object_component_ref idref="oc-37"/>
      </symbol>
      <symbol id="sm-2ae">
         <name>__aeabi_memcpy4</name>
         <value>0x73e5</value>
         <object_component_ref idref="oc-37"/>
      </symbol>
      <symbol id="sm-2bd">
         <name>__aeabi_memset</name>
         <value>0x750b</value>
         <object_component_ref idref="oc-87"/>
      </symbol>
      <symbol id="sm-2be">
         <name>memset</name>
         <value>0x7511</value>
         <object_component_ref idref="oc-87"/>
      </symbol>
      <symbol id="sm-2bf">
         <name>__aeabi_memset8</name>
         <value>0x750b</value>
         <object_component_ref idref="oc-87"/>
      </symbol>
      <symbol id="sm-2c0">
         <name>__aeabi_memset4</name>
         <value>0x750b</value>
         <object_component_ref idref="oc-87"/>
      </symbol>
      <symbol id="sm-2c1">
         <name>__aeabi_memclr8</name>
         <value>0x7509</value>
         <object_component_ref idref="oc-87"/>
      </symbol>
      <symbol id="sm-2c2">
         <name>__aeabi_memclr4</name>
         <value>0x7509</value>
         <object_component_ref idref="oc-87"/>
      </symbol>
      <symbol id="sm-2c3">
         <name>__aeabi_memclr</name>
         <value>0x7509</value>
         <object_component_ref idref="oc-87"/>
      </symbol>
      <symbol id="sm-2eb">
         <name>__TI_auto_init_nobinit_nopinit</name>
         <value>0x779d</value>
         <object_component_ref idref="oc-dc"/>
      </symbol>
      <symbol id="sm-2f5">
         <name>_system_pre_init</name>
         <value>0x7aed</value>
         <object_component_ref idref="oc-8d"/>
      </symbol>
      <symbol id="sm-301">
         <name>C$$EXIT</name>
         <value>0x7af1</value>
         <object_component_ref idref="oc-d0"/>
      </symbol>
      <symbol id="sm-302">
         <name>abort</name>
         <value>0x7af1</value>
         <object_component_ref idref="oc-d0"/>
      </symbol>
      <symbol id="sm-34a">
         <name>Graphics_setBackgroundColor</name>
         <value>0x7a17</value>
         <object_component_ref idref="oc-177"/>
      </symbol>
      <symbol id="sm-34b">
         <name>Graphics_setFont</name>
         <value>0x7a31</value>
         <object_component_ref idref="oc-17d"/>
      </symbol>
      <symbol id="sm-34c">
         <name>Graphics_initContext</name>
         <value>0x76bd</value>
         <object_component_ref idref="oc-16b"/>
      </symbol>
      <symbol id="sm-34d">
         <name>Graphics_setForegroundColor</name>
         <value>0x7a77</value>
         <object_component_ref idref="oc-171"/>
      </symbol>
      <symbol id="sm-34e">
         <name>Graphics_clearDisplay</name>
         <value>0x7aa3</value>
         <object_component_ref idref="oc-183"/>
      </symbol>
      <symbol id="sm-383">
         <name>Graphics_clearDisplayOnDisplay</name>
         <value>0x79fd</value>
         <object_component_ref idref="oc-209"/>
      </symbol>
      <symbol id="sm-384">
         <name>Graphics_drawPixelOnDisplay</name>
         <value>0x7941</value>
         <object_component_ref idref="oc-224"/>
      </symbol>
      <symbol id="sm-385">
         <name>Graphics_translateColorOnDisplay</name>
         <value>0x7a8d</value>
         <object_component_ref idref="oc-200"/>
      </symbol>
      <symbol id="sm-386">
         <name>Graphics_drawHorizontalLineOnDisplay</name>
         <value>0x78a1</value>
         <object_component_ref idref="oc-2d3"/>
      </symbol>
      <symbol id="sm-387">
         <name>Graphics_drawVerticalLineOnDisplay</name>
         <value>0x78d7</value>
         <object_component_ref idref="oc-2e2"/>
      </symbol>
      <symbol id="sm-388">
         <name>Graphics_drawMultiplePixelsOnDisplay</name>
         <value>0x7757</value>
         <object_component_ref idref="oc-236"/>
      </symbol>
      <symbol id="sm-39a">
         <name>g_sFontFixed6x8</name>
         <value>0x545c</value>
         <object_component_ref idref="oc-1aa"/>
      </symbol>
      <symbol id="sm-3d0">
         <name>Graphics_drawImage</name>
         <value>0x6147</value>
         <object_component_ref idref="oc-195"/>
      </symbol>
      <symbol id="sm-42d">
         <name>Graphics_drawLineH</name>
         <value>0x72ad</value>
         <object_component_ref idref="oc-21e"/>
      </symbol>
      <symbol id="sm-42e">
         <name>Graphics_drawLineV</name>
         <value>0x7349</value>
         <object_component_ref idref="oc-23e"/>
      </symbol>
      <symbol id="sm-42f">
         <name>Graphics_drawLine</name>
         <value>0x6ec1</value>
         <object_component_ref idref="oc-19b"/>
      </symbol>
      <symbol id="sm-487">
         <name>Graphics_drawStringCentered</name>
         <value>0x770f</value>
         <object_component_ref idref="oc-189"/>
      </symbol>
      <symbol id="sm-488">
         <name>Graphics_drawString</name>
         <value>0x5cc9</value>
         <object_component_ref idref="oc-18f"/>
      </symbol>
      <symbol id="sm-489">
         <name>Graphics_getStringWidth</name>
         <value>0x7035</value>
         <object_component_ref idref="oc-210"/>
      </symbol>
      <symbol id="sm-4cc">
         <name>GPIO_setOutputHighOnPin</name>
         <value>0x796d</value>
         <object_component_ref idref="oc-1ec"/>
      </symbol>
      <symbol id="sm-4cd">
         <name>GPIO_setAsOutputPin</name>
         <value>0x77e1</value>
         <object_component_ref idref="oc-299"/>
      </symbol>
      <symbol id="sm-4ce">
         <name>GPIO_setOutputLowOnPin</name>
         <value>0x7995</value>
         <object_component_ref idref="oc-1e6"/>
      </symbol>
      <symbol id="sm-4cf">
         <name>GPIO_setAsPeripheralModuleFunctionOutputPin</name>
         <value>0x7481</value>
         <object_component_ref idref="oc-293"/>
      </symbol>
      <symbol id="sm-50f">
         <name>EUSCI_B_SPI_enable</name>
         <value>0x7a61</value>
         <object_component_ref idref="oc-319"/>
      </symbol>
      <symbol id="sm-510">
         <name>SPI_enableModule</name>
         <value>0x79e1</value>
         <object_component_ref idref="oc-2a5"/>
      </symbol>
      <symbol id="sm-511">
         <name>EUSCI_A_SPI_enable</name>
         <value>0x7a4b</value>
         <object_component_ref idref="oc-313"/>
      </symbol>
      <symbol id="sm-512">
         <name>SPI_initMaster</name>
         <value>0x71fd</value>
         <object_component_ref idref="oc-29f"/>
      </symbol>
      <symbol id="sm-51e">
         <name>WDT_A_holdTimer</name>
         <value>0x79bd</value>
         <object_component_ref idref="oc-c3"/>
      </symbol>
      <symbol id="sm-521">
         <name>__TI_static_base__</name>
         <value>0x0</value>
      </symbol>
      <symbol id="sm-524">
         <name>__mpu_init</name>
         <value>0x0</value>
      </symbol>
      <symbol id="sm-525">
         <name>_system_post_cinit</name>
         <value>0x0</value>
      </symbol>
      <symbol id="sm-526">
         <name>NMI_Handler</name>
         <value>0x7adf</value>
      </symbol>
      <symbol id="sm-527">
         <name>HardFault_Handler</name>
         <value>0x7adf</value>
      </symbol>
      <symbol id="sm-528">
         <name>MemManage_Handler</name>
         <value>0x7adf</value>
      </symbol>
      <symbol id="sm-529">
         <name>BusFault_Handler</name>
         <value>0x7adf</value>
      </symbol>
      <symbol id="sm-52a">
         <name>UsageFault_Handler</name>
         <value>0x7adf</value>
      </symbol>
      <symbol id="sm-52b">
         <name>SVC_Handler</name>
         <value>0x7adf</value>
      </symbol>
      <symbol id="sm-52c">
         <name>DebugMon_Handler</name>
         <value>0x7adf</value>
      </symbol>
      <symbol id="sm-52d">
         <name>PendSV_Handler</name>
         <value>0x7adf</value>
      </symbol>
      <symbol id="sm-52e">
         <name>SysTick_Handler</name>
         <value>0x7adf</value>
      </symbol>
      <symbol id="sm-52f">
         <name>PSS_IRQHandler</name>
         <value>0x7adf</value>
      </symbol>
      <symbol id="sm-530">
         <name>CS_IRQHandler</name>
         <value>0x7adf</value>
      </symbol>
      <symbol id="sm-531">
         <name>PCM_IRQHandler</name>
         <value>0x7adf</value>
      </symbol>
      <symbol id="sm-532">
         <name>WDT_A_IRQHandler</name>
         <value>0x7adf</value>
      </symbol>
      <symbol id="sm-533">
         <name>FPU_IRQHandler</name>
         <value>0x7adf</value>
      </symbol>
      <symbol id="sm-534">
         <name>FLCTL_IRQHandler</name>
         <value>0x7adf</value>
      </symbol>
      <symbol id="sm-535">
         <name>COMP_E0_IRQHandler</name>
         <value>0x7adf</value>
      </symbol>
      <symbol id="sm-536">
         <name>COMP_E1_IRQHandler</name>
         <value>0x7adf</value>
      </symbol>
      <symbol id="sm-537">
         <name>TA0_0_IRQHandler</name>
         <value>0x7adf</value>
      </symbol>
      <symbol id="sm-538">
         <name>TA0_N_IRQHandler</name>
         <value>0x7adf</value>
      </symbol>
      <symbol id="sm-539">
         <name>TA1_0_IRQHandler</name>
         <value>0x7adf</value>
      </symbol>
      <symbol id="sm-53a">
         <name>TA1_N_IRQHandler</name>
         <value>0x7adf</value>
      </symbol>
      <symbol id="sm-53b">
         <name>TA2_0_IRQHandler</name>
         <value>0x7adf</value>
      </symbol>
      <symbol id="sm-53c">
         <name>TA2_N_IRQHandler</name>
         <value>0x7adf</value>
      </symbol>
      <symbol id="sm-53d">
         <name>TA3_0_IRQHandler</name>
         <value>0x7adf</value>
      </symbol>
      <symbol id="sm-53e">
         <name>TA3_N_IRQHandler</name>
         <value>0x7adf</value>
      </symbol>
      <symbol id="sm-53f">
         <name>EUSCIA0_IRQHandler</name>
         <value>0x7adf</value>
      </symbol>
      <symbol id="sm-540">
         <name>EUSCIA1_IRQHandler</name>
         <value>0x7adf</value>
      </symbol>
      <symbol id="sm-541">
         <name>EUSCIA2_IRQHandler</name>
         <value>0x7adf</value>
      </symbol>
      <symbol id="sm-542">
         <name>EUSCIA3_IRQHandler</name>
         <value>0x7adf</value>
      </symbol>
      <symbol id="sm-543">
         <name>EUSCIB0_IRQHandler</name>
         <value>0x7adf</value>
      </symbol>
      <symbol id="sm-544">
         <name>EUSCIB1_IRQHandler</name>
         <value>0x7adf</value>
      </symbol>
      <symbol id="sm-545">
         <name>EUSCIB2_IRQHandler</name>
         <value>0x7adf</value>
      </symbol>
      <symbol id="sm-546">
         <name>EUSCIB3_IRQHandler</name>
         <value>0x7adf</value>
      </symbol>
      <symbol id="sm-547">
         <name>ADC14_IRQHandler</name>
         <value>0x7adf</value>
      </symbol>
      <symbol id="sm-548">
         <name>T32_INT1_IRQHandler</name>
         <value>0x7adf</value>
      </symbol>
      <symbol id="sm-549">
         <name>T32_INT2_IRQHandler</name>
         <value>0x7adf</value>
      </symbol>
      <symbol id="sm-54a">
         <name>T32_INTC_IRQHandler</name>
         <value>0x7adf</value>
      </symbol>
      <symbol id="sm-54b">
         <name>AES256_IRQHandler</name>
         <value>0x7adf</value>
      </symbol>
      <symbol id="sm-54c">
         <name>RTC_C_IRQHandler</name>
         <value>0x7adf</value>
      </symbol>
      <symbol id="sm-54d">
         <name>DMA_ERR_IRQHandler</name>
         <value>0x7adf</value>
      </symbol>
      <symbol id="sm-54e">
         <name>DMA_INT3_IRQHandler</name>
         <value>0x7adf</value>
      </symbol>
      <symbol id="sm-54f">
         <name>DMA_INT2_IRQHandler</name>
         <value>0x7adf</value>
      </symbol>
      <symbol id="sm-550">
         <name>DMA_INT1_IRQHandler</name>
         <value>0x7adf</value>
      </symbol>
      <symbol id="sm-551">
         <name>DMA_INT0_IRQHandler</name>
         <value>0x7adf</value>
      </symbol>
      <symbol id="sm-552">
         <name>PORT1_IRQHandler</name>
         <value>0x7adf</value>
      </symbol>
      <symbol id="sm-553">
         <name>PORT2_IRQHandler</name>
         <value>0x7adf</value>
      </symbol>
      <symbol id="sm-554">
         <name>PORT3_IRQHandler</name>
         <value>0x7adf</value>
      </symbol>
      <symbol id="sm-555">
         <name>PORT4_IRQHandler</name>
         <value>0x7adf</value>
      </symbol>
      <symbol id="sm-556">
         <name>PORT5_IRQHandler</name>
         <value>0x7adf</value>
      </symbol>
      <symbol id="sm-557">
         <name>PORT6_IRQHandler</name>
         <value>0x7adf</value>
      </symbol>
   </symbol_table>
   <title>Link successful</title>
</link_info>
